// Jest Snapshot v1, https://goo.gl/fbAQLP

exports[`screens/Match renders correctly 1`] = `
<Card
  className="match-card"
>
  <CardContent
    className="match-content"
  >
    <div
      className="match-teams"
    >
      <Bet
        betValue={undefined}
        onBetValueUpdated={[Function]}
        past={true}
        team={
          Object {
            "code": "cl",
            "group": "G",
            "name": "Chili",
          }
        }
      />
      <Bet
        betValue={undefined}
        onBetValueUpdated={[Function]}
        past={true}
        team={
          Object {
            "code": "br",
            "group": "G",
            "name": "BrÃ©sil",
          }
        }
      />
    </div>
    <Divider />
    <Bet
      match={
        Object {
          "dateTime": 1970-01-18T17:03:25.200Z,
          "odds": Object {
            "1": 1.7,
            "2": 4.3,
            "A": 3.2,
            "B": 0,
            "N": 3.2,
          },
          "phase": "0",
        }
      }
    />
    <Bet
      valid={false}
    />
  </CardContent>
</Card>
`;
