// Jest Snapshot v1, https://goo.gl/fbAQLP

exports[`screens/ConnectionWidget/User renders correctly 1`] = `
<div
  data-radium={true}
  style={
    Object {
      "alignItems": "center",
      "display": "flex",
    }
  }
>
  <div
    className="MuiAvatar-root-1"
    style={
      Object {
        "marginRight": 10,
      }
    }
  >
    <img
      alt={undefined}
      className="MuiAvatar-img-3"
      sizes={undefined}
      src="http://avatar.url"
      srcSet={undefined}
    />
  </div>
  <span
    className="rmq-4ea42308"
    data-radium={true}
    style={
      Object {
        "color": "white",
        "fontSize": "18px",
      }
    }
  >
    Georges Lucas
  </span>
  <button
    aria-haspopup="true"
    aria-label="Plus"
    aria-owns={null}
    className="MuiButtonBase-root-13 MuiIconButton-root-4"
    disabled={false}
    onBlur={[Function]}
    onClick={[Function]}
    onFocus={[Function]}
    onKeyDown={[Function]}
    onKeyUp={[Function]}
    onMouseDown={[Function]}
    onMouseLeave={[Function]}
    onMouseUp={[Function]}
    onTouchEnd={[Function]}
    onTouchMove={[Function]}
    onTouchStart={[Function]}
    role="button"
    tabIndex={0}
    type="button"
  >
    <span
      className="MuiIconButton-label-10"
    >
      <svg
        aria-hidden="true"
        className="MuiSvgIcon-root-15 MuiIconButton-icon-11"
        color="white"
        focusable="false"
        viewBox="0 0 24 24"
      >
        <path
          d="M12 8c1.1 0 2-.9 2-2s-.9-2-2-2-2 .9-2 2 .9 2 2 2zm0 2c-1.1 0-2 .9-2 2s.9 2 2 2 2-.9 2-2-.9-2-2-2zm0 6c-1.1 0-2 .9-2 2s.9 2 2 2 2-.9 2-2-.9-2-2-2z"
        />
      </svg>
    </span>
    <span
      className="MuiTouchRipple-root-16"
    />
  </button>
</div>
`;
