// Jest Snapshot v1, https://goo.gl/fbAQLP

exports[`Containers/App/ConnectionModal renders correctly 1`] = `
Array [
  <div
    className="MuiDialogTitle-root-1"
  >
    <h2
      className="MuiTypography-root-2 MuiTypography-title-8"
    >
      Connexion
    </h2>
  </div>,
  <div
    className="MuiDialogContent-root-26"
    style={
      Object {
        "alignItems": "center",
        "display": "flex",
        "flexDirection": "column",
        "padding": 15,
      }
    }
  >
    <button
      className="MuiButtonBase-root-41 MuiButton-root-27 MuiButton-raised-34 MuiButton-raisedPrimary-36"
      disabled={false}
      onBlur={[Function]}
      onClick={[Function]}
      onFocus={[Function]}
      onKeyDown={[Function]}
      onKeyUp={[Function]}
      onMouseDown={[Function]}
      onMouseLeave={[Function]}
      onMouseUp={[Function]}
      onTouchEnd={[Function]}
      onTouchMove={[Function]}
      onTouchStart={[Function]}
      role="button"
      style={
        Object {
          "marginBottom": 10,
        }
      }
      tabIndex={0}
      type="button"
    >
      <span
        className="MuiButton-label-29"
      >
        <svg
          fill="currentColor"
          height="1em"
          preserveAspectRatio="xMidYMid meet"
          style={
            Object {
              "color": undefined,
              "verticalAlign": "middle",
            }
          }
          viewBox="0 0 40 40"
          width="1em"
        >
          <g>
            <path
              d="m20.1 17.5h16.2q0.3 1.5 0.3 2.9 0 4.8-2 8.7t-5.8 5.9-8.7 2.1q-3.5 0-6.6-1.3t-5.5-3.7-3.7-5.4-1.3-6.7 1.3-6.7 3.7-5.4 5.5-3.7 6.6-1.3q6.7 0 11.5 4.4l-4.6 4.5q-2.8-2.6-6.9-2.6-2.8 0-5.3 1.4t-3.9 4-1.4 5.4 1.4 5.4 3.9 4 5.3 1.4q2 0 3.6-0.5t2.7-1.3 1.8-1.9 1.2-1.9 0.5-1.8h-9.8v-5.9z"
            />
          </g>
        </svg>
          Connexion avec Google
      </span>
      <span
        className="MuiTouchRipple-root-43"
      />
    </button>
    <button
      className="MuiButtonBase-root-41 MuiButton-root-27 MuiButton-raised-34 MuiButton-raisedAccent-37"
      disabled={false}
      onBlur={[Function]}
      onClick={[Function]}
      onFocus={[Function]}
      onKeyDown={[Function]}
      onKeyUp={[Function]}
      onMouseDown={[Function]}
      onMouseLeave={[Function]}
      onMouseUp={[Function]}
      onTouchEnd={[Function]}
      onTouchMove={[Function]}
      onTouchStart={[Function]}
      role="button"
      style={
        Object {
          "marginBottom": 10,
        }
      }
      tabIndex={0}
      type="button"
    >
      <span
        className="MuiButton-label-29"
      >
        <svg
          fill="currentColor"
          height="1em"
          preserveAspectRatio="xMidYMid meet"
          style={
            Object {
              "color": undefined,
              "verticalAlign": "middle",
            }
          }
          viewBox="0 0 40 40"
          width="1em"
        >
          <g>
            <path
              d="m29.4 0.3v5.9h-3.5q-1.9 0-2.6 0.8t-0.7 2.4v4.2h6.6l-0.9 6.6h-5.7v16.9h-6.8v-16.9h-5.7v-6.6h5.7v-4.9q0-4.1 2.3-6.4t6.2-2.3q3.3 0 5.1 0.3z"
            />
          </g>
        </svg>
          Connexion avec Facebook
      </span>
      <span
        className="MuiTouchRipple-root-43"
      />
    </button>
  </div>,
]
`;
